Archive member included to satisfy reference by file (symbol)

/home/graham/.pebble-sdk/SDKs/current/sdk-core/pebble/aplite/lib/libpebble.a(tmp7jpKUopebble.o)
                              src/c/main.c.25.o (app_event_loop)
/usr/lib/gcc/arm-none-eabi/12.2.1/../../../arm-none-eabi/lib/thumb/v7-m/nofp/libc.a(lib_a-atexit.o)
                              /usr/lib/gcc/arm-none-eabi/12.2.1/../../../arm-none-eabi/lib/thumb/v7-m/nofp/crt0.o (atexit)
/usr/lib/gcc/arm-none-eabi/12.2.1/../../../arm-none-eabi/lib/thumb/v7-m/nofp/libc.a(lib_a-exit.o)
                              /usr/lib/gcc/arm-none-eabi/12.2.1/../../../arm-none-eabi/lib/thumb/v7-m/nofp/crt0.o (exit)
/usr/lib/gcc/arm-none-eabi/12.2.1/../../../arm-none-eabi/lib/thumb/v7-m/nofp/libc.a(lib_a-fini.o)
                              /usr/lib/gcc/arm-none-eabi/12.2.1/../../../arm-none-eabi/lib/thumb/v7-m/nofp/crt0.o (__libc_fini_array)
/usr/lib/gcc/arm-none-eabi/12.2.1/../../../arm-none-eabi/lib/thumb/v7-m/nofp/libc.a(lib_a-impure.o)
                              /usr/lib/gcc/arm-none-eabi/12.2.1/../../../arm-none-eabi/lib/thumb/v7-m/nofp/libc.a(lib_a-exit.o) (_global_impure_ptr)
/usr/lib/gcc/arm-none-eabi/12.2.1/../../../arm-none-eabi/lib/thumb/v7-m/nofp/libc.a(lib_a-init.o)
                              /usr/lib/gcc/arm-none-eabi/12.2.1/../../../arm-none-eabi/lib/thumb/v7-m/nofp/crt0.o (__libc_init_array)
/usr/lib/gcc/arm-none-eabi/12.2.1/../../../arm-none-eabi/lib/thumb/v7-m/nofp/libc.a(lib_a-__atexit.o)
                              /usr/lib/gcc/arm-none-eabi/12.2.1/../../../arm-none-eabi/lib/thumb/v7-m/nofp/libc.a(lib_a-atexit.o) (__register_exitproc)
/usr/lib/gcc/arm-none-eabi/12.2.1/../../../arm-none-eabi/lib/thumb/v7-m/nofp/libc.a(lib_a-__call_atexit.o)
                              /usr/lib/gcc/arm-none-eabi/12.2.1/../../../arm-none-eabi/lib/thumb/v7-m/nofp/libc.a(lib_a-exit.o) (__call_exitprocs)

Discarded input sections

 .text          0x00000000        0x0 /usr/lib/gcc/arm-none-eabi/12.2.1/thumb/v7-m/nofp/crti.o
 .bss           0x00000000        0x0 /usr/lib/gcc/arm-none-eabi/12.2.1/thumb/v7-m/nofp/crti.o
 .text          0x00000000       0x88 /usr/lib/gcc/arm-none-eabi/12.2.1/thumb/v7-m/nofp/crtbegin.o
 .bss           0x00000000       0x1c /usr/lib/gcc/arm-none-eabi/12.2.1/thumb/v7-m/nofp/crtbegin.o
 .rodata        0x00000000       0x24 /usr/lib/gcc/arm-none-eabi/12.2.1/thumb/v7-m/nofp/crtbegin.o
 .init_array    0x00000000        0x4 /usr/lib/gcc/arm-none-eabi/12.2.1/thumb/v7-m/nofp/crtbegin.o
 .fini_array    0x00000000        0x4 /usr/lib/gcc/arm-none-eabi/12.2.1/thumb/v7-m/nofp/crtbegin.o
 .eh_frame      0x00000000        0x0 /usr/lib/gcc/arm-none-eabi/12.2.1/thumb/v7-m/nofp/crtbegin.o
 .tm_clone_table
                0x00000000        0x0 /usr/lib/gcc/arm-none-eabi/12.2.1/thumb/v7-m/nofp/crtbegin.o
 .text          0x00000000       0x70 /usr/lib/gcc/arm-none-eabi/12.2.1/../../../arm-none-eabi/lib/thumb/v7-m/nofp/crt0.o
 .bss           0x00000000        0x0 /usr/lib/gcc/arm-none-eabi/12.2.1/../../../arm-none-eabi/lib/thumb/v7-m/nofp/crt0.o
 .ARM.extab     0x00000000        0x0 /usr/lib/gcc/arm-none-eabi/12.2.1/../../../arm-none-eabi/lib/thumb/v7-m/nofp/crt0.o
 .ARM.exidx     0x00000000       0x10 /usr/lib/gcc/arm-none-eabi/12.2.1/../../../arm-none-eabi/lib/thumb/v7-m/nofp/crt0.o
 .text          0x00000000        0x0 src/c/data/storage.c.25.o
 .bss           0x00000000        0x0 src/c/data/storage.c.25.o
 .text.storage_load_from_history
                0x00000000       0x4a src/c/data/storage.c.25.o
 .text.storage_clear_all_history
                0x00000000       0x2a src/c/data/storage.c.25.o
 .text          0x00000000        0x0 src/c/data/treatment_data.c.25.o
 .bss           0x00000000        0x0 src/c/data/treatment_data.c.25.o
 .text.get_delta_value
                0x00000000        0xa src/c/data/treatment_data.c.25.o
 .text          0x00000000        0x0 src/c/main.c.25.o
 .bss           0x00000000        0x0 src/c/main.c.25.o
 .text          0x00000000        0x0 src/c/ui/number_format.c.25.o
 .bss           0x00000000        0x0 src/c/ui/number_format.c.25.o
 .text          0x00000000        0x0 src/c/windows/post_treatment_window.c.25.o
 .bss           0x00000000        0x0 src/c/windows/post_treatment_window.c.25.o
 .text          0x00000000        0x0 src/c/windows/pre_treatment_window.c.25.o
 .bss           0x00000000        0x0 src/c/windows/pre_treatment_window.c.25.o
 .text.pre_treatment_window_get_window
                0x00000000       0x10 src/c/windows/pre_treatment_window.c.25.o
 .text          0x00000000        0x0 aplite/appinfo.auto.c.25.o
 .bss           0x00000000        0x0 aplite/appinfo.auto.c.25.o
 .text          0x00000000        0x0 aplite/src/resource_ids.auto.c.25.o
 .bss           0x00000000        0x0 aplite/src/resource_ids.auto.c.25.o
 .bss           0x00000000        0x0 /home/graham/.pebble-sdk/SDKs/current/sdk-core/pebble/aplite/lib/libpebble.a(tmp7jpKUopebble.o)
[...]
Memory Configuration

Name             Origin             Length             Attributes
APP              0x00000000         0x00006000         xrw
*default*        0x00000000         0xffffffff

Linker script and memory map

LOAD /usr/lib/gcc/arm-none-eabi/12.2.1/thumb/v7-m/nofp/crti.o
LOAD /usr/lib/gcc/arm-none-eabi/12.2.1/thumb/v7-m/nofp/crtbegin.o
LOAD /usr/lib/gcc/arm-none-eabi/12.2.1/../../../arm-none-eabi/lib/thumb/v7-m/nofp/crt0.o
LOAD src/c/data/storage.c.25.o
LOAD src/c/data/treatment_data.c.25.o
LOAD src/c/main.c.25.o
LOAD src/c/ui/number_format.c.25.o
LOAD src/c/windows/post_treatment_window.c.25.o
LOAD src/c/windows/pre_treatment_window.c.25.o
LOAD aplite/appinfo.auto.c.25.o
LOAD aplite/src/resource_ids.auto.c.25.o
LOAD /home/graham/.pebble-sdk/SDKs/current/sdk-core/pebble/aplite/lib/libpebble.a
START GROUP
LOAD /usr/lib/gcc/arm-none-eabi/12.2.1/thumb/v7-m/nofp/libgcc.a
LOAD /usr/lib/gcc/arm-none-eabi/12.2.1/../../../arm-none-eabi/lib/thumb/v7-m/nofp/libc.a
END GROUP
LOAD /usr/lib/gcc/arm-none-eabi/12.2.1/thumb/v7-m/nofp/crtend.o
LOAD /usr/lib/gcc/arm-none-eabi/12.2.1/thumb/v7-m/nofp/crtn.o

.header         0x00000000       0x82
 *(.pbl_header)
 .pbl_header    0x00000000       0x82 aplite/appinfo.auto.c.25.o
                0x00000000                __pbl_app_info

.note.gnu.build-id
                0x00000082       0x26
                [!provide]                        PROVIDE (BUILD_ID = .)
 *(.note.gnu.build-id)
 *fill*         0x00000082        0x2 
 .note.gnu.build-id
                0x00000084       0x24 linker stubs

.text           0x000000a8     0x114e
 *(.text)
 .text          0x000000a8       0x14 /home/graham/.pebble-sdk/SDKs/current/sdk-core/pebble/aplite/lib/libpebble.a(tmp7jpKUopebble.o)
 *(.text.*)
 .text.storage_has_in_progress
                0x000000bc        0x6 src/c/data/storage.c.25.o
                0x000000bc                storage_has_in_progress
 .text.storage_save_in_progress
                0x000000c2       0x16 src/c/data/storage.c.25.o
                0x000000c2                storage_save_in_progress
 .text.storage_load_in_progress
                0x000000d8       0x20 src/c/data/storage.c.25.o
                0x000000d8                storage_load_in_progress
 .text.storage_clear_in_progress
                0x000000f8        0x6 src/c/data/storage.c.25.o
                0x000000f8                storage_clear_in_progress
 .text.storage_get_history_count
                0x000000fe       0x16 src/c/data/storage.c.25.o
                0x000000fe                storage_get_history_count
 .text.storage_save_to_history
                0x00000114       0x36 src/c/data/storage.c.25.o
                0x00000114                storage_save_to_history
 .text.calculate_pre_metrics
                0x0000014a       0x36 src/c/data/treatment_data.c.25.o
                0x0000014a                calculate_pre_metrics
 .text.calculate_post_metrics
                0x00000180       0x28 src/c/data/treatment_data.c.25.o
                0x00000180                calculate_post_metrics
 .text.init_treatment_record
                0x000001a8       0x26 src/c/data/treatment_data.c.25.o
                0x000001a8                init_treatment_record
 *fill*         0x000001ce        0x2 
 .text.startup.main
                0x000001d0       0x64 src/c/main.c.25.o
                0x000001d0                main
 .text.format_weight
                0x00000234       0x24 src/c/ui/number_format.c.25.o
                0x00000234                format_weight
 .text.format_time
                0x00000258       0x20 src/c/ui/number_format.c.25.o
                0x00000258                format_time
 .text.format_ufr
                0x00000278       0x24 src/c/ui/number_format.c.25.o
                0x00000278                format_ufr
 .text.format_percentage
                0x0000029c       0x24 src/c/ui/number_format.c.25.o
                0x0000029c                format_percentage
 .text.format_delta
                0x000002c0       0x18 src/c/ui/number_format.c.25.o
                0x000002c0                format_delta
 .text.format_variance
                0x000002d8       0x34 src/c/ui/number_format.c.25.o
                0x000002d8                format_variance
 .text.window_unload
                0x0000030c       0x5c src/c/windows/post_treatment_window.c.25.o
 .text.create_text_layer
                0x00000368       0x3e src/c/windows/post_treatment_window.c.25.o
 .text.update_display
                0x000003a6       0x20 src/c/windows/post_treatment_window.c.25.o
 *fill*         0x000003c6        0x2 
 .text.update_results
                0x000003c8       0xb4 src/c/windows/post_treatment_window.c.25.o
 .text.window_load
                0x0000047c      0x250 src/c/windows/post_treatment_window.c.25.o
 .text.click_config_provider
                0x000006cc       0x34 src/c/windows/post_treatment_window.c.25.o
 .text.select_click_handler
                0x00000700       0x26 src/c/windows/post_treatment_window.c.25.o
 .text.adjust_post_weight
                0x00000726       0x34 src/c/windows/post_treatment_window.c.25.o
 .text.down_click_handler
                0x0000075a        0xa src/c/windows/post_treatment_window.c.25.o
 .text.up_click_handler
                0x00000764        0x8 src/c/windows/post_treatment_window.c.25.o
 .text.post_treatment_window_push
                0x0000076c       0x78 src/c/windows/post_treatment_window.c.25.o
                0x0000076c                post_treatment_window_push
 .text.window_unload
                0x000007e4       0x6c src/c/windows/pre_treatment_window.c.25.o
 .text.update_calculations
                0x00000850       0xdc src/c/windows/pre_treatment_window.c.25.o
 .text.click_config_provider
                0x0000092c       0x48 src/c/windows/pre_treatment_window.c.25.o
 .text.select_long_handler
                0x00000974       0x12 src/c/windows/pre_treatment_window.c.25.o
 .text.create_text_layer.constprop.0
                0x00000986       0x3c src/c/windows/pre_treatment_window.c.25.o
 .text.highlight_active_field
                0x000009c2       0x8a src/c/windows/pre_treatment_window.c.25.o
 .text.update_display
                0x00000a4c       0x74 src/c/windows/pre_treatment_window.c.25.o
 .text.window_load
                0x00000ac0      0x288 src/c/windows/pre_treatment_window.c.25.o
 .text.adjust_value
                0x00000d48       0x9a src/c/windows/pre_treatment_window.c.25.o
 .text.select_click_handler
                0x00000de2       0x26 src/c/windows/pre_treatment_window.c.25.o
 .text.down_click_handler
                0x00000e08       0x28 src/c/windows/pre_treatment_window.c.25.o
 .text.up_click_handler
                0x00000e30       0x26 src/c/windows/pre_treatment_window.c.25.o
 *fill*         0x00000e56        0x2 
 .text.pre_treatment_window_push
                0x00000e58       0x78 src/c/windows/pre_treatment_window.c.25.o
                0x00000e58                pre_treatment_window_push
 .text.app_event_loop
                0x00000ed0        0xc /home/graham/.pebble-sdk/SDKs/current/sdk-core/pebble/aplite/lib/libpebble.a(tmp7jpKUopebble.o)
                0x00000ed0                app_event_loop
 .text.app_log  0x00000edc        0xc /home/graham/.pebble-sdk/SDKs/current/sdk-core/pebble/aplite/lib/libpebble.a(tmp7jpKUopebble.o)
                0x00000edc                app_log
 .text.fonts_get_system_font
                0x00000ee8        0xc /home/graham/.pebble-sdk/SDKs/current/sdk-core/pebble/aplite/lib/libpebble.a(tmp7jpKUopebble.o)
                0x00000ee8                fonts_get_system_font
 .text.free     0x00000ef4        0xc /home/graham/.pebble-sdk/SDKs/current/sdk-core/pebble/aplite/lib/libpebble.a(tmp7jpKUopebble.o)
                0x00000ef4                free
 .text.layer_add_child
                0x00000f00        0xc /home/graham/.pebble-sdk/SDKs/current/sdk-core/pebble/aplite/lib/libpebble.a(tmp7jpKUopebble.o)
                0x00000f00                layer_add_child
 .text.layer_get_bounds
                0x00000f0c        0xc /home/graham/.pebble-sdk/SDKs/current/sdk-core/pebble/aplite/lib/libpebble.a(tmp7jpKUopebble.o)
                0x00000f0c                layer_get_bounds
 .text.persist_delete
                0x00000f18        0xc /home/graham/.pebble-sdk/SDKs/current/sdk-core/pebble/aplite/lib/libpebble.a(tmp7jpKUopebble.o)
                0x00000f18                persist_delete
 .text.persist_exists
                0x00000f24        0xc /home/graham/.pebble-sdk/SDKs/current/sdk-core/pebble/aplite/lib/libpebble.a(tmp7jpKUopebble.o)
                0x00000f24                persist_exists
 .text.persist_read_int
                0x00000f30        0xc /home/graham/.pebble-sdk/SDKs/current/sdk-core/pebble/aplite/lib/libpebble.a(tmp7jpKUopebble.o)
                0x00000f30                persist_read_int
 .text.persist_write_int
                0x00000f3c        0xc /home/graham/.pebble-sdk/SDKs/current/sdk-core/pebble/aplite/lib/libpebble.a(tmp7jpKUopebble.o)
                0x00000f3c                persist_write_int
 .text.snprintf
                0x00000f48        0xc /home/graham/.pebble-sdk/SDKs/current/sdk-core/pebble/aplite/lib/libpebble.a(tmp7jpKUopebble.o)
                0x00000f48                snprintf
 .text.strcat   0x00000f54        0xc /home/graham/.pebble-sdk/SDKs/current/sdk-core/pebble/aplite/lib/libpebble.a(tmp7jpKUopebble.o)
                0x00000f54                strcat
 .text.strcpy   0x00000f60        0xc /home/graham/.pebble-sdk/SDKs/current/sdk-core/pebble/aplite/lib/libpebble.a(tmp7jpKUopebble.o)
                0x00000f60                strcpy
 .text.vibes_double_pulse
                0x00000f6c        0xc /home/graham/.pebble-sdk/SDKs/current/sdk-core/pebble/aplite/lib/libpebble.a(tmp7jpKUopebble.o)
                0x00000f6c                vibes_double_pulse
 .text.vibes_long_pulse
                0x00000f78        0xc /home/graham/.pebble-sdk/SDKs/current/sdk-core/pebble/aplite/lib/libpebble.a(tmp7jpKUopebble.o)
                0x00000f78                vibes_long_pulse
 .text.vibes_short_pulse
                0x00000f84        0xc /home/graham/.pebble-sdk/SDKs/current/sdk-core/pebble/aplite/lib/libpebble.a(tmp7jpKUopebble.o)
                0x00000f84                vibes_short_pulse
 .text.window_create
                0x00000f90        0xc /home/graham/.pebble-sdk/SDKs/current/sdk-core/pebble/aplite/lib/libpebble.a(tmp7jpKUopebble.o)
                0x00000f90                window_create
 .text.window_destroy
                0x00000f9c        0xc /home/graham/.pebble-sdk/SDKs/current/sdk-core/pebble/aplite/lib/libpebble.a(tmp7jpKUopebble.o)
                0x00000f9c                window_destroy
 .text.window_get_root_layer
                0x00000fa8        0xc /home/graham/.pebble-sdk/SDKs/current/sdk-core/pebble/aplite/lib/libpebble.a(tmp7jpKUopebble.o)
                0x00000fa8                window_get_root_layer
 .text.window_set_click_config_provider_with_context
                0x00000fb4        0xc /home/graham/.pebble-sdk/SDKs/current/sdk-core/pebble/aplite/lib/libpebble.a(tmp7jpKUopebble.o)
                0x00000fb4                window_set_click_config_provider_with_context
 .text.window_set_window_handlers
                0x00000fc0        0xc /home/graham/.pebble-sdk/SDKs/current/sdk-core/pebble/aplite/lib/libpebble.a(tmp7jpKUopebble.o)
                0x00000fc0                window_set_window_handlers
 .text.window_stack_pop
                0x00000fcc        0xc /home/graham/.pebble-sdk/SDKs/current/sdk-core/pebble/aplite/lib/libpebble.a(tmp7jpKUopebble.o)
                0x00000fcc                window_stack_pop
 .text.window_stack_push
                0x00000fd8        0xc /home/graham/.pebble-sdk/SDKs/current/sdk-core/pebble/aplite/lib/libpebble.a(tmp7jpKUopebble.o)
                0x00000fd8                window_stack_push
 .text.window_get_user_data
                0x00000fe4        0xc /home/graham/.pebble-sdk/SDKs/current/sdk-core/pebble/aplite/lib/libpebble.a(tmp7jpKUopebble.o)
                0x00000fe4                window_get_user_data
 .text.window_set_user_data
                0x00000ff0        0xc /home/graham/.pebble-sdk/SDKs/current/sdk-core/pebble/aplite/lib/libpebble.a(tmp7jpKUopebble.o)
                0x00000ff0                window_set_user_data
 .text.window_long_click_subscribe
                0x00000ffc        0xc /home/graham/.pebble-sdk/SDKs/current/sdk-core/pebble/aplite/lib/libpebble.a(tmp7jpKUopebble.o)
                0x00000ffc                window_long_click_subscribe
 .text.window_single_click_subscribe
                0x00001008        0xc /home/graham/.pebble-sdk/SDKs/current/sdk-core/pebble/aplite/lib/libpebble.a(tmp7jpKUopebble.o)
                0x00001008                window_single_click_subscribe
 .text.window_single_repeating_click_subscribe
                0x00001014        0xc /home/graham/.pebble-sdk/SDKs/current/sdk-core/pebble/aplite/lib/libpebble.a(tmp7jpKUopebble.o)
                0x00001014                window_single_repeating_click_subscribe
 .text.persist_read_data
                0x00001020        0xc /home/graham/.pebble-sdk/SDKs/current/sdk-core/pebble/aplite/lib/libpebble.a(tmp7jpKUopebble.o)
                0x00001020                persist_read_data
 .text.persist_write_data
                0x0000102c        0xc /home/graham/.pebble-sdk/SDKs/current/sdk-core/pebble/aplite/lib/libpebble.a(tmp7jpKUopebble.o)
                0x0000102c                persist_write_data
 .text.calloc   0x00001038        0xc /home/graham/.pebble-sdk/SDKs/current/sdk-core/pebble/aplite/lib/libpebble.a(tmp7jpKUopebble.o)
                0x00001038                calloc
 .text.text_layer_create
                0x00001044        0xc /home/graham/.pebble-sdk/SDKs/current/sdk-core/pebble/aplite/lib/libpebble.a(tmp7jpKUopebble.o)
                0x00001044                text_layer_create
 .text.text_layer_destroy
                0x00001050        0xc /home/graham/.pebble-sdk/SDKs/current/sdk-core/pebble/aplite/lib/libpebble.a(tmp7jpKUopebble.o)
                0x00001050                text_layer_destroy
 .text.text_layer_get_layer
                0x0000105c        0xc /home/graham/.pebble-sdk/SDKs/current/sdk-core/pebble/aplite/lib/libpebble.a(tmp7jpKUopebble.o)
                0x0000105c                text_layer_get_layer
 .text.text_layer_set_background_color
                0x00001068        0xc /home/graham/.pebble-sdk/SDKs/current/sdk-core/pebble/aplite/lib/libpebble.a(tmp7jpKUopebble.o)
                0x00001068                text_layer_set_background_color
 .text.text_layer_set_font
                0x00001074        0xc /home/graham/.pebble-sdk/SDKs/current/sdk-core/pebble/aplite/lib/libpebble.a(tmp7jpKUopebble.o)
                0x00001074                text_layer_set_font
 .text.text_layer_set_text
                0x00001080        0xc /home/graham/.pebble-sdk/SDKs/current/sdk-core/pebble/aplite/lib/libpebble.a(tmp7jpKUopebble.o)
                0x00001080                text_layer_set_text
 .text.text_layer_set_text_alignment
                0x0000108c        0xc /home/graham/.pebble-sdk/SDKs/current/sdk-core/pebble/aplite/lib/libpebble.a(tmp7jpKUopebble.o)
                0x0000108c                text_layer_set_text_alignment
 .text.text_layer_set_text_color
                0x00001098        0xc /home/graham/.pebble-sdk/SDKs/current/sdk-core/pebble/aplite/lib/libpebble.a(tmp7jpKUopebble.o)
                0x00001098                text_layer_set_text_color
 .text.time     0x000010a4        0xc /home/graham/.pebble-sdk/SDKs/current/sdk-core/pebble/aplite/lib/libpebble.a(tmp7jpKUopebble.o)
                0x000010a4                time
 *(.rodata)
 *(.rodata*)
 .rodata.main.str1.1
                0x000010b0       0x26 src/c/main.c.25.o
 .rodata.format_weight.str1.1
                0x000010d6       0x26 src/c/ui/number_format.c.25.o
                                  0x8 (size before relaxing)
 .rodata.format_time.str1.1
                0x000010d6        0x8 src/c/ui/number_format.c.25.o
 .rodata.format_ufr.str1.1
                0x000010de        0xa src/c/ui/number_format.c.25.o
 .rodata.format_percentage.str1.1
                0x000010e8        0xa src/c/ui/number_format.c.25.o
 .rodata.format_delta.str1.1
                0x000010f2        0x8 src/c/ui/number_format.c.25.o
 .rodata.format_variance.str1.1
                0x000010fa        0x9 src/c/ui/number_format.c.25.o
 .rodata.update_results.str1.1
                0x00001103       0x3a src/c/windows/post_treatment_window.c.25.o
 .rodata.window_load.str1.1
                0x0000113d       0x80 src/c/windows/post_treatment_window.c.25.o
 .rodata.update_calculations.str1.1
                0x000011bd       0x22 src/c/windows/pre_treatment_window.c.25.o
                                 0x26 (size before relaxing)
 .rodata.window_load.str1.1
                0x000011df       0x17 src/c/windows/pre_treatment_window.c.25.o
                                 0x48 (size before relaxing)

.glue_7         0x000011f8        0x0
 .glue_7        0x000011f8        0x0 linker stubs

.glue_7t        0x000011f8        0x0
 .glue_7t       0x000011f8        0x0 linker stubs

.vfp11_veneer   0x000011f8        0x0
 .vfp11_veneer  0x000011f8        0x0 linker stubs

.v4_bx          0x000011f8        0x0
 .v4_bx         0x000011f8        0x0 linker stubs

.init           0x000011f8        0x4
 .init          0x000011f8        0x4 /usr/lib/gcc/arm-none-eabi/12.2.1/thumb/v7-m/nofp/crti.o
                0x000011f8                _init

.fini           0x000011fc        0x4
 .fini          0x000011fc        0x4 /usr/lib/gcc/arm-none-eabi/12.2.1/thumb/v7-m/nofp/crti.o
                0x000011fc                _fini

.iplt           0x00001200        0x0
 .iplt          0x00001200        0x0 src/c/data/storage.c.25.o

.rel.dyn        0x00001200        0x0
 .rel.iplt      0x00001200        0x0 src/c/data/storage.c.25.o

.data           0x00001200      0x438
 *(.data)
 .data          0x00001200        0x0 /usr/lib/gcc/arm-none-eabi/12.2.1/thumb/v7-m/nofp/crti.o
 .data          0x00001200        0x4 /usr/lib/gcc/arm-none-eabi/12.2.1/thumb/v7-m/nofp/crtbegin.o
                0x00001200                __dso_handle
 .data          0x00001204        0x0 /usr/lib/gcc/arm-none-eabi/12.2.1/../../../arm-none-eabi/lib/thumb/v7-m/nofp/crt0.o
 .data          0x00001204        0x0 src/c/data/storage.c.25.o
 .data          0x00001204        0x0 src/c/data/treatment_data.c.25.o
 .data          0x00001204        0x0 src/c/main.c.25.o
 .data          0x00001204        0x0 src/c/ui/number_format.c.25.o
 .data          0x00001204        0x0 src/c/windows/post_treatment_window.c.25.o
 .data          0x00001204        0x0 src/c/windows/pre_treatment_window.c.25.o
 .data          0x00001204        0x0 aplite/appinfo.auto.c.25.o
 .data          0x00001204        0x0 aplite/src/resource_ids.auto.c.25.o
 .data          0x00001204        0x0 /home/graham/.pebble-sdk/SDKs/current/sdk-core/pebble/aplite/lib/libpebble.a(tmp7jpKUopebble.o)
 .data          0x00001204        0x0 /usr/lib/gcc/arm-none-eabi/12.2.1/../../../arm-none-eabi/lib/thumb/v7-m/nofp/libc.a(lib_a-atexit.o)
 .data          0x00001204        0x0 /usr/lib/gcc/arm-none-eabi/12.2.1/../../../arm-none-eabi/lib/thumb/v7-m/nofp/libc.a(lib_a-exit.o)
 .data          0x00001204        0x0 /usr/lib/gcc/arm-none-eabi/12.2.1/../../../arm-none-eabi/lib/thumb/v7-m/nofp/libc.a(lib_a-fini.o)
 *fill*         0x00001204        0x4 
 .data          0x00001208      0x430 /usr/lib/gcc/arm-none-eabi/12.2.1/../../../arm-none-eabi/lib/thumb/v7-m/nofp/libc.a(lib_a-impure.o)
                0x00001208                _impure_ptr
 .data          0x00001638        0x0 /usr/lib/gcc/arm-none-eabi/12.2.1/../../../arm-none-eabi/lib/thumb/v7-m/nofp/libc.a(lib_a-init.o)
 .data          0x00001638        0x0 /usr/lib/gcc/arm-none-eabi/12.2.1/../../../arm-none-eabi/lib/thumb/v7-m/nofp/libc.a(lib_a-__atexit.o)
 .data          0x00001638        0x0 /usr/lib/gcc/arm-none-eabi/12.2.1/../../../arm-none-eabi/lib/thumb/v7-m/nofp/libc.a(lib_a-__call_atexit.o)
 .data          0x00001638        0x0 /usr/lib/gcc/arm-none-eabi/12.2.1/thumb/v7-m/nofp/crtend.o
 .data          0x00001638        0x0 /usr/lib/gcc/arm-none-eabi/12.2.1/thumb/v7-m/nofp/crtn.o
 *(.data.*)

.igot.plt       0x00001638        0x0
 .igot.plt      0x00001638        0x0 src/c/data/storage.c.25.o

.bss            0x00001638       0x28
 *(.bss)
 *(.bss.*)
 .bss.s_current_treatment
                0x00001638       0x20 src/c/main.c.25.o
 .bss.s_data    0x00001658        0x4 src/c/windows/post_treatment_window.c.25.o
 .bss.s_data    0x0000165c        0x4 src/c/windows/pre_treatment_window.c.25.o

DISCARD
 libc.a(*)
 libm.a(*)
 libgcc.a(*)
 *(.eh_frame)
OUTPUT(/home/graham/pebble-app/build/aplite/pebble-app.elf elf32-littlearm)
LOAD linker stubs
LOAD /usr/lib/gcc/arm-none-eabi/12.2.1/../../../arm-none-eabi/lib/thumb/v7-m/nofp/libc.a
LOAD /usr/lib/gcc/arm-none-eabi/12.2.1/../../../arm-none-eabi/lib/thumb/v7-m/nofp/libm.a
LOAD /usr/lib/gcc/arm-none-eabi/12.2.1/thumb/v7-m/nofp/libgcc.a

.ARM.attributes
                0x00000000       0x29
 .ARM.attributes
                0x00000000       0x1d /usr/lib/gcc/arm-none-eabi/12.2.1/thumb/v7-m/nofp/crti.o
 .ARM.attributes
                0x0000001d       0x2d /usr/lib/gcc/arm-none-eabi/12.2.1/thumb/v7-m/nofp/crtbegin.o
 .ARM.attributes
                0x0000004a       0x1b /usr/lib/gcc/arm-none-eabi/12.2.1/../../../arm-none-eabi/lib/thumb/v7-m/nofp/crt0.o
 .ARM.attributes
                0x00000065       0x2d src/c/data/storage.c.25.o
 .ARM.attributes
                0x00000092       0x2d src/c/data/treatment_data.c.25.o
 .ARM.attributes
                0x000000bf       0x2d src/c/main.c.25.o
 .ARM.attributes
                0x000000ec       0x2d src/c/ui/number_format.c.25.o
 .ARM.attributes
                0x00000119       0x2d src/c/windows/post_treatment_window.c.25.o
 .ARM.attributes
                0x00000146       0x2d src/c/windows/pre_treatment_window.c.25.o
 .ARM.attributes
                0x00000173       0x2d aplite/appinfo.auto.c.25.o
 .ARM.attributes
                0x000001a0       0x2d aplite/src/resource_ids.auto.c.25.o
 .ARM.attributes
                0x000001cd       0x21 /home/graham/.pebble-sdk/SDKs/current/sdk-core/pebble/aplite/lib/libpebble.a(tmp7jpKUopebble.o)
 .ARM.attributes
                0x000001ee       0x2d /usr/lib/gcc/arm-none-eabi/12.2.1/../../../arm-none-eabi/lib/thumb/v7-m/nofp/libc.a(lib_a-atexit.o)
 .ARM.attributes
                0x0000021b       0x2d /usr/lib/gcc/arm-none-eabi/12.2.1/../../../arm-none-eabi/lib/thumb/v7-m/nofp/libc.a(lib_a-exit.o)
 .ARM.attributes
                0x00000248       0x2d /usr/lib/gcc/arm-none-eabi/12.2.1/../../../arm-none-eabi/lib/thumb/v7-m/nofp/libc.a(lib_a-fini.o)
 .ARM.attributes
                0x00000275       0x2d /usr/lib/gcc/arm-none-eabi/12.2.1/../../../arm-none-eabi/lib/thumb/v7-m/nofp/libc.a(lib_a-impure.o)
 .ARM.attributes
                0x000002a2       0x2d /usr/lib/gcc/arm-none-eabi/12.2.1/../../../arm-none-eabi/lib/thumb/v7-m/nofp/libc.a(lib_a-init.o)
 .ARM.attributes
                0x000002cf       0x2d /usr/lib/gcc/arm-none-eabi/12.2.1/../../../arm-none-eabi/lib/thumb/v7-m/nofp/libc.a(lib_a-__atexit.o)
 .ARM.attributes
                0x000002fc       0x2d /usr/lib/gcc/arm-none-eabi/12.2.1/../../../arm-none-eabi/lib/thumb/v7-m/nofp/libc.a(lib_a-__call_atexit.o)
 .ARM.attributes
                0x00000329       0x2d /usr/lib/gcc/arm-none-eabi/12.2.1/thumb/v7-m/nofp/crtend.o
 .ARM.attributes
                0x00000356       0x1d /usr/lib/gcc/arm-none-eabi/12.2.1/thumb/v7-m/nofp/crtn.o

.comment        0x00000000       0x26
 .comment       0x00000000       0x26 /usr/lib/gcc/arm-none-eabi/12.2.1/thumb/v7-m/nofp/crtbegin.o
                                 0x27 (size before relaxing)
 .comment       0x00000026       0x27 src/c/data/storage.c.25.o
 .comment       0x00000026       0x27 src/c/data/treatment_data.c.25.o
 .comment       0x00000026       0x27 src/c/main.c.25.o
 .comment       0x00000026       0x27 src/c/ui/number_format.c.25.o
 .comment       0x00000026       0x27 src/c/windows/post_treatment_window.c.25.o
 .comment       0x00000026       0x27 src/c/windows/pre_treatment_window.c.25.o
 .comment       0x00000026       0x27 aplite/appinfo.auto.c.25.o
 .comment       0x00000026       0x27 aplite/src/resource_ids.auto.c.25.o
 .comment       0x00000026       0x27 /usr/lib/gcc/arm-none-eabi/12.2.1/../../../arm-none-eabi/lib/thumb/v7-m/nofp/libc.a(lib_a-atexit.o)
 .comment       0x00000026       0x27 /usr/lib/gcc/arm-none-eabi/12.2.1/../../../arm-none-eabi/lib/thumb/v7-m/nofp/libc.a(lib_a-exit.o)
 .comment       0x00000026       0x27 /usr/lib/gcc/arm-none-eabi/12.2.1/../../../arm-none-eabi/lib/thumb/v7-m/nofp/libc.a(lib_a-fini.o)
 .comment       0x00000026       0x27 /usr/lib/gcc/arm-none-eabi/12.2.1/../../../arm-none-eabi/lib/thumb/v7-m/nofp/libc.a(lib_a-impure.o)
 .comment       0x00000026       0x27 /usr/lib/gcc/arm-none-eabi/12.2.1/../../../arm-none-eabi/lib/thumb/v7-m/nofp/libc.a(lib_a-init.o)
 .comment       0x00000026       0x27 /usr/lib/gcc/arm-none-eabi/12.2.1/../../../arm-none-eabi/lib/thumb/v7-m/nofp/libc.a(lib_a-__atexit.o)
 .comment       0x00000026       0x27 /usr/lib/gcc/arm-none-eabi/12.2.1/../../../arm-none-eabi/lib/thumb/v7-m/nofp/libc.a(lib_a-__call_atexit.o)
 .comment       0x00000026       0x27 /usr/lib/gcc/arm-none-eabi/12.2.1/thumb/v7-m/nofp/crtend.o

.debug_line     0x00000000     0x20bb
 .debug_line    0x00000000       0x75 /usr/lib/gcc/arm-none-eabi/12.2.1/../../../arm-none-eabi/lib/thumb/v7-m/nofp/crt0.o
 .debug_line    0x00000075      0x2fb src/c/data/storage.c.25.o
 .debug_line    0x00000370      0x233 src/c/data/treatment_data.c.25.o
 .debug_line    0x000005a3      0x1ba src/c/main.c.25.o
 .debug_line    0x0000075d      0x1e6 src/c/ui/number_format.c.25.o
 .debug_line    0x00000943      0x549 src/c/windows/post_treatment_window.c.25.o
 .debug_line    0x00000e8c      0x7ef src/c/windows/pre_treatment_window.c.25.o
 .debug_line    0x0000167b       0xc3 aplite/appinfo.auto.c.25.o
 .debug_line    0x0000173e       0x3f aplite/src/resource_ids.auto.c.25.o
 .debug_line    0x0000177d       0xba /usr/lib/gcc/arm-none-eabi/12.2.1/../../../arm-none-eabi/lib/thumb/v7-m/nofp/libc.a(lib_a-atexit.o)
 .debug_line    0x00001837      0x16d /usr/lib/gcc/arm-none-eabi/12.2.1/../../../arm-none-eabi/lib/thumb/v7-m/nofp/libc.a(lib_a-exit.o)
 .debug_line    0x000019a4       0xdc /usr/lib/gcc/arm-none-eabi/12.2.1/../../../arm-none-eabi/lib/thumb/v7-m/nofp/libc.a(lib_a-fini.o)
 .debug_line    0x00001a80       0xde /usr/lib/gcc/arm-none-eabi/12.2.1/../../../arm-none-eabi/lib/thumb/v7-m/nofp/libc.a(lib_a-impure.o)
 .debug_line    0x00001b5e      0x12c /usr/lib/gcc/arm-none-eabi/12.2.1/../../../arm-none-eabi/lib/thumb/v7-m/nofp/libc.a(lib_a-init.o)
 .debug_line    0x00001c8a      0x1a5 /usr/lib/gcc/arm-none-eabi/12.2.1/../../../arm-none-eabi/lib/thumb/v7-m/nofp/libc.a(lib_a-__atexit.o)
 .debug_line    0x00001e2f      0x28c /usr/lib/gcc/arm-none-eabi/12.2.1/../../../arm-none-eabi/lib/thumb/v7-m/nofp/libc.a(lib_a-__call_atexit.o)

.debug_line_str
                0x00000000       0x82
 .debug_line_str
                0x00000000       0x82 /usr/lib/gcc/arm-none-eabi/12.2.1/../../../arm-none-eabi/lib/thumb/v7-m/nofp/crt0.o

.debug_info     0x00000000     0x6490
 .debug_info    0x00000000       0x24 /usr/lib/gcc/arm-none-eabi/12.2.1/../../../arm-none-eabi/lib/thumb/v7-m/nofp/crt0.o
 .debug_info    0x00000024      0x571 src/c/data/storage.c.25.o
 .debug_info    0x00000595      0x2bb src/c/data/treatment_data.c.25.o
 .debug_info    0x00000850      0x2c1 src/c/main.c.25.o
 .debug_info    0x00000b11      0x51f src/c/ui/number_format.c.25.o
 .debug_info    0x00001030     0x123e src/c/windows/post_treatment_window.c.25.o
 .debug_info    0x0000226e     0x16ee src/c/windows/pre_treatment_window.c.25.o
 .debug_info    0x0000395c      0x2d8 aplite/appinfo.auto.c.25.o
 .debug_info    0x00003c34       0x65 aplite/src/resource_ids.auto.c.25.o
 .debug_info    0x00003c99      0x118 /usr/lib/gcc/arm-none-eabi/12.2.1/../../../arm-none-eabi/lib/thumb/v7-m/nofp/libc.a(lib_a-atexit.o)
 .debug_info    0x00003db1      0x90c /usr/lib/gcc/arm-none-eabi/12.2.1/../../../arm-none-eabi/lib/thumb/v7-m/nofp/libc.a(lib_a-exit.o)
 .debug_info    0x000046bd       0xf7 /usr/lib/gcc/arm-none-eabi/12.2.1/../../../arm-none-eabi/lib/thumb/v7-m/nofp/libc.a(lib_a-fini.o)
 .debug_info    0x000047b4      0x8be /usr/lib/gcc/arm-none-eabi/12.2.1/../../../arm-none-eabi/lib/thumb/v7-m/nofp/libc.a(lib_a-impure.o)
 .debug_info    0x00005072      0x10b /usr/lib/gcc/arm-none-eabi/12.2.1/../../../arm-none-eabi/lib/thumb/v7-m/nofp/libc.a(lib_a-init.o)
 .debug_info    0x0000517d      0x941 /usr/lib/gcc/arm-none-eabi/12.2.1/../../../arm-none-eabi/lib/thumb/v7-m/nofp/libc.a(lib_a-__atexit.o)
 .debug_info    0x00005abe      0x9d2 /usr/lib/gcc/arm-none-eabi/12.2.1/../../../arm-none-eabi/lib/thumb/v7-m/nofp/libc.a(lib_a-__call_atexit.o)

.debug_abbrev   0x00000000     0x1942
 .debug_abbrev  0x00000000       0x14 /usr/lib/gcc/arm-none-eabi/12.2.1/../../../arm-none-eabi/lib/thumb/v7-m/nofp/crt0.o
 .debug_abbrev  0x00000014      0x1a0 src/c/data/storage.c.25.o
 .debug_abbrev  0x000001b4      0x15d src/c/data/treatment_data.c.25.o
 .debug_abbrev  0x00000311      0x196 src/c/main.c.25.o
 .debug_abbrev  0x000004a7      0x121 src/c/ui/number_format.c.25.o
 .debug_abbrev  0x000005c8      0x326 src/c/windows/post_treatment_window.c.25.o
 .debug_abbrev  0x000008ee      0x41f src/c/windows/pre_treatment_window.c.25.o
 .debug_abbrev  0x00000d0d       0xb0 aplite/appinfo.auto.c.25.o
 .debug_abbrev  0x00000dbd       0x26 aplite/src/resource_ids.auto.c.25.o
 .debug_abbrev  0x00000de3       0xc1 /usr/lib/gcc/arm-none-eabi/12.2.1/../../../arm-none-eabi/lib/thumb/v7-m/nofp/libc.a(lib_a-atexit.o)
 .debug_abbrev  0x00000ea4      0x22d /usr/lib/gcc/arm-none-eabi/12.2.1/../../../arm-none-eabi/lib/thumb/v7-m/nofp/libc.a(lib_a-exit.o)
 .debug_abbrev  0x000010d1       0xcc /usr/lib/gcc/arm-none-eabi/12.2.1/../../../arm-none-eabi/lib/thumb/v7-m/nofp/libc.a(lib_a-fini.o)
 .debug_abbrev  0x0000119d      0x1ca /usr/lib/gcc/arm-none-eabi/12.2.1/../../../arm-none-eabi/lib/thumb/v7-m/nofp/libc.a(lib_a-impure.o)
 .debug_abbrev  0x00001367       0xc9 /usr/lib/gcc/arm-none-eabi/12.2.1/../../../arm-none-eabi/lib/thumb/v7-m/nofp/libc.a(lib_a-init.o)
 .debug_abbrev  0x00001430      0x251 /usr/lib/gcc/arm-none-eabi/12.2.1/../../../arm-none-eabi/lib/thumb/v7-m/nofp/libc.a(lib_a-__atexit.o)
 .debug_abbrev  0x00001681      0x2c1 /usr/lib/gcc/arm-none-eabi/12.2.1/../../../arm-none-eabi/lib/thumb/v7-m/nofp/libc.a(lib_a-__call_atexit.o)

.debug_aranges  0x00000000      0x320
 .debug_aranges
                0x00000000       0x20 /usr/lib/gcc/arm-none-eabi/12.2.1/../../../arm-none-eabi/lib/thumb/v7-m/nofp/crt0.o
 .debug_aranges
                0x00000020       0x58 src/c/data/storage.c.25.o
 .debug_aranges
                0x00000078       0x38 src/c/data/treatment_data.c.25.o
 .debug_aranges
                0x000000b0       0x20 src/c/main.c.25.o
 .debug_aranges
                0x000000d0       0x48 src/c/ui/number_format.c.25.o
 .debug_aranges
                0x00000118       0x70 src/c/windows/post_treatment_window.c.25.o
 .debug_aranges
                0x00000188       0x88 src/c/windows/pre_treatment_window.c.25.o
 .debug_aranges
                0x00000210       0x18 aplite/appinfo.auto.c.25.o
 .debug_aranges
                0x00000228       0x18 aplite/src/resource_ids.auto.c.25.o
 .debug_aranges
                0x00000240       0x20 /usr/lib/gcc/arm-none-eabi/12.2.1/../../../arm-none-eabi/lib/thumb/v7-m/nofp/libc.a(lib_a-atexit.o)
 .debug_aranges
                0x00000260       0x20 /usr/lib/gcc/arm-none-eabi/12.2.1/../../../arm-none-eabi/lib/thumb/v7-m/nofp/libc.a(lib_a-exit.o)
 .debug_aranges
                0x00000280       0x20 /usr/lib/gcc/arm-none-eabi/12.2.1/../../../arm-none-eabi/lib/thumb/v7-m/nofp/libc.a(lib_a-fini.o)
 .debug_aranges
                0x000002a0       0x18 /usr/lib/gcc/arm-none-eabi/12.2.1/../../../arm-none-eabi/lib/thumb/v7-m/nofp/libc.a(lib_a-impure.o)
 .debug_aranges
                0x000002b8       0x20 /usr/lib/gcc/arm-none-eabi/12.2.1/../../../arm-none-eabi/lib/thumb/v7-m/nofp/libc.a(lib_a-init.o)
 .debug_aranges
                0x000002d8       0x20 /usr/lib/gcc/arm-none-eabi/12.2.1/../../../arm-none-eabi/lib/thumb/v7-m/nofp/libc.a(lib_a-__atexit.o)
 .debug_aranges
                0x000002f8       0x28 /usr/lib/gcc/arm-none-eabi/12.2.1/../../../arm-none-eabi/lib/thumb/v7-m/nofp/libc.a(lib_a-__call_atexit.o)

.debug_str      0x00000000     0x1780
 .debug_str     0x00000000       0x8e /usr/lib/gcc/arm-none-eabi/12.2.1/../../../arm-none-eabi/lib/thumb/v7-m/nofp/crt0.o
 .debug_str     0x0000008e      0x2e7 src/c/data/storage.c.25.o
                                0x359 (size before relaxing)
 .debug_str     0x00000375       0xb1 src/c/data/treatment_data.c.25.o
                                0x2a4 (size before relaxing)
 .debug_str     0x00000426       0xd6 src/c/main.c.25.o
                                0x300 (size before relaxing)
 .debug_str     0x000004fc       0xd2 src/c/ui/number_format.c.25.o
                                0x235 (size before relaxing)
 .debug_str     0x000005ce      0x599 src/c/windows/post_treatment_window.c.25.o
                                0x8ca (size before relaxing)
 .debug_str     0x00000b67      0x20f src/c/windows/pre_treatment_window.c.25.o
                                0x993 (size before relaxing)
 .debug_str     0x00000d76      0x222 aplite/appinfo.auto.c.25.o
                                0x381 (size before relaxing)
 .debug_str     0x00000f98       0x1f aplite/src/resource_ids.auto.c.25.o
                                0x14b (size before relaxing)
 .debug_str     0x00000fb7      0x13c /usr/lib/gcc/arm-none-eabi/12.2.1/../../../arm-none-eabi/lib/thumb/v7-m/nofp/libc.a(lib_a-atexit.o)
                                0x1cc (size before relaxing)
 .debug_str     0x000010f3      0x3f8 /usr/lib/gcc/arm-none-eabi/12.2.1/../../../arm-none-eabi/lib/thumb/v7-m/nofp/libc.a(lib_a-exit.o)
                                0x573 (size before relaxing)
 .debug_str     0x000014eb       0xb7 /usr/lib/gcc/arm-none-eabi/12.2.1/../../../arm-none-eabi/lib/thumb/v7-m/nofp/libc.a(lib_a-fini.o)
                                0x1c4 (size before relaxing)
 .debug_str     0x000015a2       0x91 /usr/lib/gcc/arm-none-eabi/12.2.1/../../../arm-none-eabi/lib/thumb/v7-m/nofp/libc.a(lib_a-impure.o)
                                0x56a (size before relaxing)
 .debug_str     0x00001633       0x96 /usr/lib/gcc/arm-none-eabi/12.2.1/../../../arm-none-eabi/lib/thumb/v7-m/nofp/libc.a(lib_a-init.o)
                                0x1ee (size before relaxing)
 .debug_str     0x000016c9       0x3b /usr/lib/gcc/arm-none-eabi/12.2.1/../../../arm-none-eabi/lib/thumb/v7-m/nofp/libc.a(lib_a-__atexit.o)
                                0x5a4 (size before relaxing)
 .debug_str     0x00001704       0x7c /usr/lib/gcc/arm-none-eabi/12.2.1/../../../arm-none-eabi/lib/thumb/v7-m/nofp/libc.a(lib_a-__call_atexit.o)
                                0x5d0 (size before relaxing)

.debug_loclists
                0x00000000     0x118c
 .debug_loclists
                0x00000000      0x1e8 src/c/data/storage.c.25.o
 .debug_loclists
                0x000001e8       0x76 src/c/data/treatment_data.c.25.o
 .debug_loclists
                0x0000025e      0x39b src/c/ui/number_format.c.25.o
 .debug_loclists
                0x000005f9      0x358 src/c/windows/post_treatment_window.c.25.o
 .debug_loclists
                0x00000951      0x58a src/c/windows/pre_treatment_window.c.25.o
 .debug_loclists
                0x00000edb       0x25 /usr/lib/gcc/arm-none-eabi/12.2.1/../../../arm-none-eabi/lib/thumb/v7-m/nofp/libc.a(lib_a-atexit.o)
 .debug_loclists
                0x00000f00       0x1b /usr/lib/gcc/arm-none-eabi/12.2.1/../../../arm-none-eabi/lib/thumb/v7-m/nofp/libc.a(lib_a-exit.o)
 .debug_loclists
                0x00000f1b       0x42 /usr/lib/gcc/arm-none-eabi/12.2.1/../../../arm-none-eabi/lib/thumb/v7-m/nofp/libc.a(lib_a-fini.o)
 .debug_loclists
                0x00000f5d       0x65 /usr/lib/gcc/arm-none-eabi/12.2.1/../../../arm-none-eabi/lib/thumb/v7-m/nofp/libc.a(lib_a-init.o)
 .debug_loclists
                0x00000fc2       0xb2 /usr/lib/gcc/arm-none-eabi/12.2.1/../../../arm-none-eabi/lib/thumb/v7-m/nofp/libc.a(lib_a-__atexit.o)
 .debug_loclists
                0x00001074      0x118 /usr/lib/gcc/arm-none-eabi/12.2.1/../../../arm-none-eabi/lib/thumb/v7-m/nofp/libc.a(lib_a-__call_atexit.o)

.debug_rnglists
                0x00000000      0x23f
 .debug_rnglists
                0x00000000       0x58 src/c/data/storage.c.25.o
 .debug_rnglists
                0x00000058       0x34 src/c/data/treatment_data.c.25.o
 .debug_rnglists
                0x0000008c       0x22 src/c/main.c.25.o
 .debug_rnglists
                0x000000ae       0x61 src/c/ui/number_format.c.25.o
 .debug_rnglists
                0x0000010f       0x51 src/c/windows/post_treatment_window.c.25.o
 .debug_rnglists
                0x00000160       0xaa src/c/windows/pre_treatment_window.c.25.o
 .debug_rnglists
                0x0000020a       0x35 /usr/lib/gcc/arm-none-eabi/12.2.1/../../../arm-none-eabi/lib/thumb/v7-m/nofp/libc.a(lib_a-__call_atexit.o)

.debug_frame    0x00000000      0x6a0
 .debug_frame   0x00000000       0xe0 src/c/data/storage.c.25.o
 .debug_frame   0x000000e0       0x6c src/c/data/treatment_data.c.25.o
 .debug_frame   0x0000014c       0x28 src/c/main.c.25.o
 .debug_frame   0x00000174       0xb0 src/c/ui/number_format.c.25.o
 .debug_frame   0x00000224      0x17c src/c/windows/post_treatment_window.c.25.o
 .debug_frame   0x000003a0      0x1dc src/c/windows/pre_treatment_window.c.25.o
 .debug_frame   0x0000057c       0x20 /usr/lib/gcc/arm-none-eabi/12.2.1/../../../arm-none-eabi/lib/thumb/v7-m/nofp/libc.a(lib_a-atexit.o)
 .debug_frame   0x0000059c       0x28 /usr/lib/gcc/arm-none-eabi/12.2.1/../../../arm-none-eabi/lib/thumb/v7-m/nofp/libc.a(lib_a-exit.o)
 .debug_frame   0x000005c4       0x34 /usr/lib/gcc/arm-none-eabi/12.2.1/../../../arm-none-eabi/lib/thumb/v7-m/nofp/libc.a(lib_a-fini.o)
 .debug_frame   0x000005f8       0x2c /usr/lib/gcc/arm-none-eabi/12.2.1/../../../arm-none-eabi/lib/thumb/v7-m/nofp/libc.a(lib_a-init.o)
 .debug_frame   0x00000624       0x2c /usr/lib/gcc/arm-none-eabi/12.2.1/../../../arm-none-eabi/lib/thumb/v7-m/nofp/libc.a(lib_a-__atexit.o)
 .debug_frame   0x00000650       0x50 /usr/lib/gcc/arm-none-eabi/12.2.1/../../../arm-none-eabi/lib/thumb/v7-m/nofp/libc.a(lib_a-__call_atexit.o)
